<html>
<body>
<pre>
<h1>µVision Build Log</h1>
<h2>Tool Versions:</h2>
IDE-Version: ¦ÌVision V5.18.0.0
Copyright (C) 2016 ARM Ltd and ARM Germany GmbH. All rights reserved.
License Information: 1 1, 1, LIC=NQQMA-1UZF7-9UE4U-SU5LE-RU7XX-GM4UE
 
Tool Versions:
Toolchain:       MDK-ARM Standard  Version: 5.18
Toolchain Path:  D:\Software\Keil_v5\ARM\ARMCC\Bin
C Compiler:      Armcc.exe V5.06 update 1 (build 61)
Assembler:       Armasm.exe V5.06 update 1 (build 61)
Linker/Locator:  ArmLink.exe V5.06 update 1 (build 61)
Library Manager: ArmAr.exe V5.06 update 1 (build 61)
Hex Converter:   FromElf.exe V5.06 update 1 (build 61)
CPU DLL:         SARMCM3.DLL V5.18
Dialog DLL:      DCM.DLL V1.13.6.0
Target DLL:      STLink\ST-LINKIII-KEIL_SWO.dll V2.0.18.0
Dialog DLL:      TCM.DLL V1.14.8.0
 
<h2>Project:</h2>
D:\Embeded\Project\07_EXTI\CubeMX\07_EXTI\MDK-ARM\07_EXTI.uvprojx
Project File Date:  05/06/2022

<h2>Output:</h2>
*** Using Compiler 'V5.06 update 1 (build 61)', folder: 'D:\Software\Keil_v5\ARM\ARMCC\Bin'
Build target '07_EXTI'
assembling startup_stm32f103x6.s...
compiling stm32f1xx_hal_msp.c...
compiling gpio.c...
compiling main.c...
../Core/Src/main.c(148): warning:  #188-D: enumerated type mixed with another type
  		HAL_GPIO_WritePin(
PIOC, 
PIO_PIN_0, 1);
../Core/Src/main.c(150): warning:  #188-D: enumerated type mixed with another type
  		HAL_GPIO_WritePin(
PIOC, 
PIO_PIN_0, 0);
../Core/Src/main.c(152): warning:  #188-D: enumerated type mixed with another type
  		HAL_GPIO_WritePin(
PIOC, 
PIO_PIN_1, 1);
../Core/Src/main.c(154): warning:  #188-D: enumerated type mixed with another type
  		HAL_GPIO_WritePin(
PIOC, 
PIO_PIN_1, 0);
../Core/Src/main.c(156): warning:  #188-D: enumerated type mixed with another type
  		HAL_GPIO_WritePin(
PIOC, 
PIO_PIN_2, 1);
../Core/Src/main.c(158): warning:  #188-D: enumerated type mixed with another type
  		HAL_GPIO_WritePin(
PIOC, 
PIO_PIN_2, 0);
../Core/Src/main.c(160): warning:  #188-D: enumerated type mixed with another type
  		HAL_GPIO_WritePin(
PIOC, 
PIO_PIN_3, 1);
../Core/Src/main.c(162): warning:  #188-D: enumerated type mixed with another type
  		HAL_GPIO_WritePin(
PIOC, 
PIO_PIN_3, 0);
../Core/Src/main.c(164): warning:  #188-D: enumerated type mixed with another type
  		HAL_GPIO_WritePin(
PIOC, 
PIO_PIN_4, 1);
../Core/Src/main.c(166): warning:  #188-D: enumerated type mixed with another type
  		HAL_GPIO_WritePin(
PIOC, 
PIO_PIN_4, 0);
../Core/Src/main.c(168): warning:  #188-D: enumerated type mixed with another type
  		HAL_GPIO_WritePin(
PIOC, 
PIO_PIN_5, 1);
../Core/Src/main.c(170): warning:  #188-D: enumerated type mixed with another type
  		HAL_GPIO_WritePin(
PIOC, 
PIO_PIN_5, 0);
../Core/Src/main.c(172): warning:  #188-D: enumerated type mixed with another type
  		HAL_GPIO_WritePin(
PIOC, 
PIO_PIN_6, 1);
../Core/Src/main.c(174): warning:  #188-D: enumerated type mixed with another type
  		HAL_GPIO_WritePin(
PIOC, 
PIO_PIN_6, 0);
../Core/Src/main.c(176): warning:  #188-D: enumerated type mixed with another type
  		HAL_GPIO_WritePin(
PIOC, 
PIO_PIN_7, 1);
../Core/Src/main.c(178): warning:  #188-D: enumerated type mixed with another type
  		HAL_GPIO_WritePin(
PIOC, 
PIO_PIN_7, 0);
../Core/Src/main.c: 16 warnings, 0 errors
compiling stm32f1xx_hal_gpio_ex.c...
compiling stm32f1xx_hal_tim.c...
compiling stm32f1xx_hal_tim_ex.c...
compiling stm32f1xx_it.c...
compiling stm32f1xx_hal.c...
compiling stm32f1xx_hal_gpio.c...
compiling stm32f1xx_hal_rcc.c...
compiling stm32f1xx_hal_rcc_ex.c...
compiling stm32f1xx_hal_pwr.c...
compiling stm32f1xx_hal_cortex.c...
compiling stm32f1xx_hal_dma.c...
compiling stm32f1xx_hal_flash_ex.c...
compiling stm32f1xx_hal_flash.c...
compiling system_stm32f1xx.c...
compiling stm32f1xx_hal_exti.c...
linking...
Program Size: Code=3116 RO-data=284 RW-data=16 ZI-data=1632  
FromELF: creating hex file...
"07_EXTI\07_EXTI.axf" - 0 Error(s), 16 Warning(s).

<h2>Software Packages used:</h2>

Package Vendor: ARM
                http://www.keil.com/pack/ARM.CMSIS.5.6.0.pack
                ARM::CMSIS:CORE:5.3.0
                CMSIS (Cortex Microcontroller Software Interface Standard)
   * Component: CORE Version: 5.3.0

<h2>Collection of Component include folders:</h2>
  D:\Embeded\Project\07_EXTI\CubeMX\07_EXTI\MDK-ARM\RTE
  D:\Software\Keil_v5\ARM\PACK\ARM\CMSIS\5.6.0\CMSIS\Core\Include
  D:\Software\Keil_v5\ARM\PACK\Keil\STM32F1xx_DFP\2.4.0\Device\Include

<h2>Collection of Component Files used:</h2>

   * Component: ARM::CMSIS:CORE:5.3.0
Build Time Elapsed:  00:00:09
</pre>
</body>
</html>
